###############################################################################
#
# IAR ELF Linker V7.50.3.10732/W32 for ARM                09/Mar/2016  15:01:52
# Copyright 2007-2016 IAR Systems AB.
#
#    Output file  =  
#        \\VBOXSVR\Musik\AT04189\SAM-BA_Monitor\Debug\Exe\samd20_samba_monitor.out
#    Map file     =  
#        \\VBOXSVR\Musik\AT04189\SAM-BA_Monitor\Debug\List\samd20_samba_monitor.map
#    Command line =  
#        \\VBOXSVR\Musik\AT04189\SAM-BA_Monitor\Debug\Obj\main.o
#        \\VBOXSVR\Musik\AT04189\SAM-BA_Monitor\Debug\Obj\sam_ba_monitor.o
#        \\VBOXSVR\Musik\AT04189\SAM-BA_Monitor\Debug\Obj\usart_sam_ba.o -o
#        \\VBOXSVR\Musik\AT04189\SAM-BA_Monitor\Debug\Exe\samd20_samba_monitor.out
#        --map
#        \\VBOXSVR\Musik\AT04189\SAM-BA_Monitor\Debug\List\samd20_samba_monitor.map
#        --config
#        \\VBOXSVR\Musik\AT04189\SAM-BA_Monitor\linker\samd20j18_flash.icf
#        --semihosting --entry __iar_program_start --vfe
#
###############################################################################

*******************************************************************************
*** RUNTIME MODEL ATTRIBUTES
***

CppFlavor       = *
__SystemLibrary = DLib


*******************************************************************************
*** PLACEMENT SUMMARY
***

"A1":  place at 0x00000000 { ro section .intvec };
"P1":  place in [from 0x00000000 to 0x0003ffff] { ro };
"A2":  place at 0x20000000 { rw, block HEAP };
"A3":  place at 0x20000f00 { block CSTACK };

  Section          Kind        Address   Size  Object
  -------          ----        -------   ----  ------
"A1":                                    0x40
  .intvec          ro code  0x00000000   0x40  vector_table_M.o [4]
                          - 0x00000040   0x40

"P1":                                   0x7cc
  .text            ro code  0x00000040  0x35c  usart_sam_ba.o [1]
  .text            ro code  0x0000039c  0x31c  sam_ba_monitor.o [1]
  .text            ro code  0x000006b8   0x10  strlen.o [4]
  .text            ro code  0x000006c8   0x7c  main.o [1]
  .text            ro code  0x00000744   0x3c  zero_init3.o [4]
  .text            ro code  0x00000780   0x28  data_init.o [4]
  .iar.init_table  const    0x000007a8   0x10  - Linker created -
  .text            ro code  0x000007b8   0x1a  cmain.o [4]
  .text            ro code  0x000007d2    0x4  low_level_init.o [3]
  .text            ro code  0x000007d6    0x8  exit.o [3]
  .text            ro code  0x000007de    0x2  vector_table_M.o [4]
  .text            ro code  0x000007e0    0xa  cexit.o [4]
  .text            ro code  0x000007ec   0x14  exit.o [5]
  .text            ro code  0x00000800    0xc  cstartup_M.o [4]
  .rodata          const    0x0000080c    0x0  zero_init3.o [4]
                          - 0x0000080c  0x7cc

"A2":                                    0x6c
  .bss             zero     0x20000000   0x60  sam_ba_monitor.o [1]
  .bss             zero     0x20000060    0xa  usart_sam_ba.o [1]
                          - 0x2000006a   0x6a

"A3":                                    0xff
  CSTACK                    0x20000f00   0xff  <Block>
    CSTACK         uninit   0x20000f00   0xff  <Block tail>
                          - 0x20000fff   0xff


*******************************************************************************
*** INIT TABLE
***

          Address     Size
          -------     ----
Zero (__iar_zero_init3)
    1 destination range, total size 0x6a:
          0x20000000  0x6a



*******************************************************************************
*** MODULE SUMMARY
***

    Module            ro code  ro data  rw data
    ------            -------  -------  -------
\\VBOXSVR\Musik\AT04189\SAM-BA_Monitor\Debug\Obj: [1]
    main.o                124
    sam_ba_monitor.o      796                96
    usart_sam_ba.o        860                10
    -------------------------------------------
    Total:              1 780               106

command line: [2]
    -------------------------------------------
    Total:

dl6M_tln.a: [3]
    exit.o                  8
    low_level_init.o        4
    -------------------------------------------
    Total:                 12

rt6M_tl.a: [4]
    cexit.o                10
    cmain.o                26
    cstartup_M.o           12
    data_init.o            40
    strlen.o               16
    vector_table_M.o       66
    zero_init3.o           60
    -------------------------------------------
    Total:                230

shb_l.a: [5]
    exit.o                 20
    -------------------------------------------
    Total:                 20

    Gaps                    2
    Linker created                  16      255
-----------------------------------------------
    Grand Total:        2 044       16      361


*******************************************************************************
*** ENTRY LIST
***

Entry                      Address   Size  Type      Object
-----                      -------   ----  ----      ------
.iar.init_table$$Base   0x000007a8          --   Gb  - Linker created -
.iar.init_table$$Limit  0x000007b8          --   Gb  - Linker created -
?main                   0x000007b9         Code  Gb  cmain.o [4]
CSTACK$$Base            0x20000f00          --   Gb  - Linker created -
CSTACK$$Limit           0x20000fff          --   Gb  - Linker created -
Region$$Table$$Base     0x000007a8          --   Gb  - Linker created -
Region$$Table$$Limit    0x000007b8          --   Gb  - Linker created -
RomBOOT_Version         0x00000698    0x4  Data  Gb  sam_ba_monitor.o [1]
__cmain                 0x000007b9         Code  Gb  cmain.o [4]
__exit                  0x000007ed   0x14  Code  Gb  exit.o [5]
__iar_data_init3        0x00000781   0x28  Code  Gb  data_init.o [4]
__iar_program_start     0x00000801         Code  Gb  cstartup_M.o [4]
__iar_zero_init3        0x00000745   0x3c  Code  Gb  zero_init3.o [4]
__low_level_init        0x000007d3    0x4  Code  Gb  low_level_init.o [3]
__vector_table          0x00000000         Data  Gb  vector_table_M.o [4]
_call_main              0x000007c5         Code  Gb  cmain.o [4]
_exit                   0x000007e1         Code  Gb  cexit.o [4]
_main                   0x000007cf         Code  Gb  cmain.o [4]
add_crc                 0x0000011b   0x1c  Code  Gb  usart_sam_ba.o [1]
b_sharp_received        0x20000060    0x1  Data  Gb  usart_sam_ba.o [1]
b_terminal_mode         0x20000000    0x1  Data  Gb  sam_ba_monitor.o [1]
call_applet             0x0000041d   0x14  Code  Gb  sam_ba_monitor.o [1]
command                 0x20000001    0x1  Data  Gb  sam_ba_monitor.o [1]
current_number          0x20000008    0x4  Data  Gb  sam_ba_monitor.o [1]
data                    0x20000020   0x40  Data  Gb  sam_ba_monitor.o [1]
error_timeout           0x20000065    0x1  Data  Gb  usart_sam_ba.o [1]
exit                    0x000007d7    0x8  Code  Gb  exit.o [3]
getPacket               0x00000197   0x5a  Code  Gb  usart_sam_ba.o [1]
getbytes                0x00000137   0x60  Code  Lc  usart_sam_ba.o [1]
i                       0x2000000c    0x4  Data  Gb  sam_ba_monitor.o [1]
idx_rx_read             0x20000061    0x1  Data  Gb  usart_sam_ba.o [1]
idx_rx_write            0x20000062    0x1  Data  Gb  usart_sam_ba.o [1]
idx_tx_read             0x20000063    0x1  Data  Gb  usart_sam_ba.o [1]
idx_tx_write            0x20000064    0x1  Data  Gb  usart_sam_ba.o [1]
j                       0x20000002    0x1  Data  Gb  sam_ba_monitor.o [1]
length                  0x20000010    0x4  Data  Gb  sam_ba_monitor.o [1]
main                    0x000006c9   0x7c  Code  Gb  main.o [1]
mode_of_transfer        0x20000066    0x1  Data  Gb  usart_sam_ba.o [1]
ptr                     0x20000018    0x4  Data  Gb  sam_ba_monitor.o [1]
ptr_data                0x20000014    0x4  Data  Gb  sam_ba_monitor.o [1]
ptr_monitor_if          0x20000004    0x4  Data  Gb  sam_ba_monitor.o [1]
sam_ba_monitor_init     0x0000039d    0xc  Code  Gb  sam_ba_monitor.o [1]
sam_ba_monitor_run      0x00000431  0x238  Code  Gb  sam_ba_monitor.o [1]
sam_ba_putdata_term     0x000003a9   0x74  Code  Gb  sam_ba_monitor.o [1]
size_of_data            0x20000068    0x2  Data  Gb  usart_sam_ba.o [1]
strlen                  0x000006b9   0x10  Code  Gb  strlen.o [4]
u32tmp                  0x2000001c    0x4  Data  Gb  sam_ba_monitor.o [1]
uart_if                 0x0000069c   0x1c  Data  Gb  sam_ba_monitor.o [1]
uart_read_byte          0x0000004b    0xe  Code  Gb  usart_sam_ba.o [1]
uart_write_byte         0x00000041    0xa  Code  Gb  usart_sam_ba.o [1]
usart_getc              0x000000c3    0xa  Code  Gb  usart_sam_ba.o [1]
usart_getdata           0x0000010d    0xe  Code  Gb  usart_sam_ba.o [1]
usart_getdata_xmd       0x00000309   0x84  Code  Gb  usart_sam_ba.o [1]
usart_is_rx_ready       0x000000e7    0xa  Code  Gb  usart_sam_ba.o [1]
usart_open              0x00000059   0x5c  Code  Gb  usart_sam_ba.o [1]
usart_putc              0x000000b5    0xe  Code  Gb  usart_sam_ba.o [1]
usart_putdata           0x000000f1   0x1c  Code  Gb  usart_sam_ba.o [1]
usart_putdata_xmd       0x000001f1   0xf6  Code  Gb  usart_sam_ba.o [1]
usart_sharp_received    0x000000cd   0x1a  Code  Gb  usart_sam_ba.o [1]


[1] = \\VBOXSVR\Musik\AT04189\SAM-BA_Monitor\Debug\Obj
[2] = command line
[3] = dl6M_tln.a
[4] = rt6M_tl.a
[5] = shb_l.a

  2 044 bytes of readonly  code memory
     16 bytes of readonly  data memory
    361 bytes of readwrite data memory

Errors: none
Warnings: none
